INFO:     Started server process [18592]
INFO:     Waiting for application startup.
INFO  [alembic.runtime.migration] Context impl SQLiteImpl.
INFO  [alembic.runtime.migration] Will assume non-transactional DDL.
C:\Users\ibrah\AppData\Local\Python\pythoncore-3.14-64\Lib\site-packages\sklearn\base.py:1403: ConvergenceWarning: Number of distinct clusters (1) found smaller than n_clusters (2). Possibly due to duplicate points in X.
  return fit_method(estimator, *args, **kwargs)
C:\Users\ibrah\AppData\Local\Python\pythoncore-3.14-64\Lib\site-packages\sklearn\base.py:1403: ConvergenceWarning: Number of distinct clusters (1) found smaller than n_clusters (3). Possibly due to duplicate points in X.
  return fit_method(estimator, *args, **kwargs)
C:\Users\ibrah\AppData\Local\Python\pythoncore-3.14-64\Lib\site-packages\sklearn\base.py:1403: ConvergenceWarning: Number of distinct clusters (1) found smaller than n_clusters (4). Possibly due to duplicate points in X.
  return fit_method(estimator, *args, **kwargs)
C:\Users\ibrah\AppData\Local\Python\pythoncore-3.14-64\Lib\site-packages\sklearn\base.py:1403: ConvergenceWarning: Number of distinct clusters (1) found smaller than n_clusters (5). Possibly due to duplicate points in X.
  return fit_method(estimator, *args, **kwargs)
C:\Users\ibrah\AppData\Local\Python\pythoncore-3.14-64\Lib\site-packages\sklearn\base.py:1403: ConvergenceWarning: Number of distinct clusters (1) found smaller than n_clusters (6). Possibly due to duplicate points in X.
  return fit_method(estimator, *args, **kwargs)
C:\Users\ibrah\AppData\Local\Python\pythoncore-3.14-64\Lib\site-packages\sklearn\base.py:1403: ConvergenceWarning: Number of distinct clusters (1) found smaller than n_clusters (2). Possibly due to duplicate points in X.
  return fit_method(estimator, *args, **kwargs)
C:\Users\ibrah\AppData\Local\Python\pythoncore-3.14-64\Lib\site-packages\sklearn\base.py:1403: ConvergenceWarning: Number of distinct clusters (1) found smaller than n_clusters (2). Possibly due to duplicate points in X.
  return fit_method(estimator, *args, **kwargs)
C:\Users\ibrah\AppData\Local\Python\pythoncore-3.14-64\Lib\site-packages\sklearn\base.py:1403: ConvergenceWarning: Number of distinct clusters (1) found smaller than n_clusters (3). Possibly due to duplicate points in X.
  return fit_method(estimator, *args, **kwargs)
C:\Users\ibrah\AppData\Local\Python\pythoncore-3.14-64\Lib\site-packages\sklearn\base.py:1403: ConvergenceWarning: Number of distinct clusters (1) found smaller than n_clusters (4). Possibly due to duplicate points in X.
  return fit_method(estimator, *args, **kwargs)
C:\Users\ibrah\AppData\Local\Python\pythoncore-3.14-64\Lib\site-packages\sklearn\base.py:1403: ConvergenceWarning: Number of distinct clusters (1) found smaller than n_clusters (5). Possibly due to duplicate points in X.
  return fit_method(estimator, *args, **kwargs)
C:\Users\ibrah\AppData\Local\Python\pythoncore-3.14-64\Lib\site-packages\sklearn\base.py:1403: ConvergenceWarning: Number of distinct clusters (1) found smaller than n_clusters (6). Possibly due to duplicate points in X.
  return fit_method(estimator, *args, **kwargs)
C:\Users\ibrah\AppData\Local\Python\pythoncore-3.14-64\Lib\site-packages\sklearn\base.py:1403: ConvergenceWarning: Number of distinct clusters (1) found smaller than n_clusters (2). Possibly due to duplicate points in X.
  return fit_method(estimator, *args, **kwargs)
C:\Users\ibrah\AppData\Local\Python\pythoncore-3.14-64\Lib\site-packages\sklearn\base.py:1403: ConvergenceWarning: Number of distinct clusters (1) found smaller than n_clusters (2). Possibly due to duplicate points in X.
  return fit_method(estimator, *args, **kwargs)
C:\Users\ibrah\AppData\Local\Python\pythoncore-3.14-64\Lib\site-packages\sklearn\base.py:1403: ConvergenceWarning: Number of distinct clusters (1) found smaller than n_clusters (3). Possibly due to duplicate points in X.
  return fit_method(estimator, *args, **kwargs)
C:\Users\ibrah\AppData\Local\Python\pythoncore-3.14-64\Lib\site-packages\sklearn\base.py:1403: ConvergenceWarning: Number of distinct clusters (1) found smaller than n_clusters (4). Possibly due to duplicate points in X.
  return fit_method(estimator, *args, **kwargs)
C:\Users\ibrah\AppData\Local\Python\pythoncore-3.14-64\Lib\site-packages\sklearn\base.py:1403: ConvergenceWarning: Number of distinct clusters (1) found smaller than n_clusters (5). Possibly due to duplicate points in X.
  return fit_method(estimator, *args, **kwargs)
C:\Users\ibrah\AppData\Local\Python\pythoncore-3.14-64\Lib\site-packages\sklearn\base.py:1403: ConvergenceWarning: Number of distinct clusters (1) found smaller than n_clusters (6). Possibly due to duplicate points in X.
  return fit_method(estimator, *args, **kwargs)
C:\Users\ibrah\AppData\Local\Python\pythoncore-3.14-64\Lib\site-packages\sklearn\base.py:1403: ConvergenceWarning: Number of distinct clusters (1) found smaller than n_clusters (2). Possibly due to duplicate points in X.
  return fit_method(estimator, *args, **kwargs)
C:\Users\ibrah\AppData\Local\Python\pythoncore-3.14-64\Lib\site-packages\sklearn\base.py:1403: ConvergenceWarning: Number of distinct clusters (1) found smaller than n_clusters (2). Possibly due to duplicate points in X.
  return fit_method(estimator, *args, **kwargs)
C:\Users\ibrah\AppData\Local\Python\pythoncore-3.14-64\Lib\site-packages\sklearn\base.py:1403: ConvergenceWarning: Number of distinct clusters (1) found smaller than n_clusters (3). Possibly due to duplicate points in X.
  return fit_method(estimator, *args, **kwargs)
C:\Users\ibrah\AppData\Local\Python\pythoncore-3.14-64\Lib\site-packages\sklearn\base.py:1403: ConvergenceWarning: Number of distinct clusters (1) found smaller than n_clusters (4). Possibly due to duplicate points in X.
  return fit_method(estimator, *args, **kwargs)
C:\Users\ibrah\AppData\Local\Python\pythoncore-3.14-64\Lib\site-packages\sklearn\base.py:1403: ConvergenceWarning: Number of distinct clusters (1) found smaller than n_clusters (5). Possibly due to duplicate points in X.
  return fit_method(estimator, *args, **kwargs)
C:\Users\ibrah\AppData\Local\Python\pythoncore-3.14-64\Lib\site-packages\sklearn\base.py:1403: ConvergenceWarning: Number of distinct clusters (1) found smaller than n_clusters (6). Possibly due to duplicate points in X.
  return fit_method(estimator, *args, **kwargs)
C:\Users\ibrah\AppData\Local\Python\pythoncore-3.14-64\Lib\site-packages\sklearn\base.py:1403: ConvergenceWarning: Number of distinct clusters (1) found smaller than n_clusters (2). Possibly due to duplicate points in X.
  return fit_method(estimator, *args, **kwargs)
C:\Users\ibrah\AppData\Local\Python\pythoncore-3.14-64\Lib\site-packages\sklearn\base.py:1403: ConvergenceWarning: Number of distinct clusters (1) found smaller than n_clusters (2). Possibly due to duplicate points in X.
  return fit_method(estimator, *args, **kwargs)
C:\Users\ibrah\AppData\Local\Python\pythoncore-3.14-64\Lib\site-packages\sklearn\base.py:1403: ConvergenceWarning: Number of distinct clusters (1) found smaller than n_clusters (3). Possibly due to duplicate points in X.
  return fit_method(estimator, *args, **kwargs)
C:\Users\ibrah\AppData\Local\Python\pythoncore-3.14-64\Lib\site-packages\sklearn\base.py:1403: ConvergenceWarning: Number of distinct clusters (1) found smaller than n_clusters (4). Possibly due to duplicate points in X.
  return fit_method(estimator, *args, **kwargs)
C:\Users\ibrah\AppData\Local\Python\pythoncore-3.14-64\Lib\site-packages\sklearn\base.py:1403: ConvergenceWarning: Number of distinct clusters (1) found smaller than n_clusters (5). Possibly due to duplicate points in X.
  return fit_method(estimator, *args, **kwargs)
C:\Users\ibrah\AppData\Local\Python\pythoncore-3.14-64\Lib\site-packages\sklearn\base.py:1403: ConvergenceWarning: Number of distinct clusters (1) found smaller than n_clusters (6). Possibly due to duplicate points in X.
  return fit_method(estimator, *args, **kwargs)
C:\Users\ibrah\AppData\Local\Python\pythoncore-3.14-64\Lib\site-packages\sklearn\base.py:1403: ConvergenceWarning: Number of distinct clusters (1) found smaller than n_clusters (2). Possibly due to duplicate points in X.
  return fit_method(estimator, *args, **kwargs)
